// Jest Snapshot v1, https://goo.gl/fbAQLP

exports[`Faucet component matches snapshot 1`] = `
<div
  className="container-fluid faucet-content"
>
  <div
    className="row centered"
  >
    <div
      className="col-sm-4"
    >
      <div
        className="row page-header"
      >
        <img
          alt="Developer's icon"
          className="celoIcons"
          src="13-Airdrop Green Coin (light bg).png"
        />
        <h2
          className="mt"
        >
          Celo Alfajores Faucet
        </h2>
      </div>
    </div>
    <div
      className="col-sm-8"
    >
      <div
        className="row"
      >
        <p>
          A community funded faucet to receive nominal amounts of cGLD for testing and development on the Celo Alfajores network
        </p>
      </div>
    </div>
  </div>
  <div
    className="row"
  >
    <div
      className="col-lg-4"
    >
      <h3>
        Faucet Address
      </h3>
      <hr />
      <p
        className="address"
      >
        <a
          href="https://alfajores-blockscout.celo-testnet.org//address/0xC02b8b165CC5a2A731E9C2BD6fdF66eaBcfa8663"
        >
          0xC02b8b165CC5a2A731E9C2BD6fdF66eaBcfa8663
        </a>
      </p>
      <hr />
      <div
        className="qrCode"
      >
        <canvas
          height={150}
          style={
            Object {
              "height": 150,
              "width": 150,
            }
          }
          width={150}
        />
      </div>
      <div
        className="technical"
      >
        <p>
          Balance 0 cGLD
        </p>
        <p>
          Block number -1
        </p>
      </div>
    </div>
    <div
      className="col-lg-8"
      id="how-to-prepare"
    >
      <h3>
        How To Prepare
      </h3>
      <hr />
      <ul>
        <li>
          Use the table below to request a 1 cGLD for testing purposes
        </li>
        <li>
          The cGLD will cool down for 12 blocks before being served
        </li>
        <li>
          Press the confirm button to claim your faucet amount after cooldown
        </li>
        <li>
          A maximum of 20 requests can be queued at once
        </li>
        <li>
          If someone leaves without claiming, you may confirm for them at any time
        </li>
        <li>
          Only the last 20 requests are visible on this dashboard
        </li>
      </ul>
      <h5
        className="nb"
      >
        This is a community kitchen - please return any cGLD if you are finished cooking
      </h5>
    </div>
  </div>
  <div
    className="row"
  >
    <div
      className="col-lg-12 text-center"
    >
      <img
        alt="Loading..."
        id="loadingLogo"
        src="loading.svg"
      />
    </div>
  </div>
  <div
    className="Toastify"
  />
  <hr />
</div>
`;
