// Jest Snapshot v1, https://goo.gl/fbAQLP

exports[`Home component matches snapshot 1`] = `
<div
  className="container-fluid"
>
  <div
    className="column centered"
  >
    <div
      className="row page-header"
    >
      <img
        alt="Doers icon"
        className="celoIcons"
        src="04-Doers (light bg).png"
      />
      <h1
        className="mt"
      >
        Cauldron
      </h1>
    </div>
  </div>
  <hr />
  <div
    className="row"
  >
    <div
      className="jost col-lg-12"
    >
      <h3>
        A repository of useful tools, scripts, and information for developing on the Celo ecosystem.
      </h3>
    </div>
  </div>
  <div
    className="column centered"
  >
    <div
      className="link-list col-lg-8"
    >
      <h2>
        Developer Resources
      </h2>
      <hr />
      <table
        className="responsive col-lg-12"
      >
        <tbody>
          <tr
            className="small-padding"
          >
            <td
              id="left"
            >
              Celo Documentation
            </td>
            <td
              id="right"
            >
              <a
                href="https://docs.celo.org/"
              >
                https://docs.celo.org/
              </a>
            </td>
          </tr>
          <tr
            className="small-padding"
          >
            <td
              id="left"
            >
              Baklava Testnet block explorer
            </td>
            <td
              id="right"
            >
              <a
                href="https://baklava-blockscout.celo-testnet.org/"
              >
                https://baklava-blockscout.celo-testnet.org/
              </a>
            </td>
          </tr>
          <tr
            className="small-padding"
          >
            <td
              id="left"
            >
              Alfajores Testnet block explorer
            </td>
            <td
              id="right"
            >
              <a
                href="https://alfajores-blockscout.celo-testnet.org/"
              >
                https://alfajores-blockscout.celo-testnet.org/
              </a>
            </td>
          </tr>
          <tr
            className="small-padding"
          >
            <td
              id="left"
            >
              RC1 block explorer
            </td>
            <td
              id="right"
            >
              <a
                href="https://rc1-blockscout.celo-testnet.org/"
              >
                https://rc1-blockscout.celo-testnet.org/
              </a>
            </td>
          </tr>
          <tr
            className="small-padding"
          >
            <td
              id="left"
            >
              Hackerone Celo Bug Bounty Program
            </td>
            <td
              id="right"
            >
              <a
                href="https://hackerone.com/celo/"
              >
                https://hackerone.com/celo/
              </a>
            </td>
          </tr>
          <tr
            className="small-padding"
          >
            <td
              id="left"
            >
              cLabs Alfajores Faucet
            </td>
            <td
              id="right"
            >
              <a
                href="https://celo.org/build/faucet"
              >
                https://celo.org/build/faucet
              </a>
            </td>
          </tr>
          <tr
            className="small-padding"
          >
            <td
              id="left"
            >
              Community Alfajores Faucet
            </td>
            <td
              id="right"
            >
              <a
                href="https://cauldron.pretoria.tech/alfajores-faucet"
              >
                https://cauldron.pretoria.tech/alfajores-faucet
              </a>
            </td>
          </tr>
          <tr
            className="small-padding"
          >
            <td
              id="left"
            >
              Community Baklava Faucet
            </td>
            <td
              id="right"
            >
              <a
                href="https://cauldron.pretoria.tech/baklava-faucet"
              >
                https://cauldron.pretoria.tech/baklava-faucet
              </a>
            </td>
          </tr>
          <tr
            className="small-padding"
          >
            <td
              id="left"
            >
              Mentorship and funding for your Celo project
            </td>
            <td
              id="right"
            >
              <a
                href="https://www.celocamp.com/"
              >
                https://www.celocamp.com/
              </a>
            </td>
          </tr>
        </tbody>
      </table>
    </div>
    <div
      className="link-list col-lg-8"
    >
      <h2>
        Validator Resources
      </h2>
      <hr />
      <table
        className="responsive col-lg-12"
      >
        <tbody>
          <tr
            className="small-padding"
          >
            <td
              id="left"
            >
              Baklava Validator Statistics
            </td>
            <td
              id="right"
            >
              <a
                href="https://thecelo.org"
              >
                https://thecelo.org
              </a>
            </td>
          </tr>
          <tr
            className="small-padding"
          >
            <td
              id="left"
            >
              Validator Rewards Calculator
            </td>
            <td
              id="right"
            >
              <a
                href="https://observablehq.com/@celohq/validator-rewards-calculator"
              >
                https://observablehq.com/@celohq/validator-rewards-calculator
              </a>
            </td>
          </tr>
          <tr
            className="small-padding"
          >
            <td
              id="left"
            >
              Alfajores Network Statistics
            </td>
            <td
              id="right"
            >
              <a
                href="https://alfajores-celostats.celo-testnet.org/"
              >
                https://alfajores-celostats.celo-testnet.org/
              </a>
            </td>
          </tr>
          <tr
            className="small-padding"
          >
            <td
              id="left"
            >
              Baklava Network Statistics
            </td>
            <td
              id="right"
            >
              <a
                href="https://baklava-celostats.celo-testnet.org/"
              >
                https://baklava-celostats.celo-testnet.org/
              </a>
            </td>
          </tr>
          <tr
            className="small-padding"
          >
            <td
              id="left"
            >
              Celo Validator Monitor Discord Bot
            </td>
            <td
              id="right"
            >
              <a
                href="https://github.com/dsrvlabs/celo-validator-monitoring"
              >
                https://github.com/dsrvlabs/celo-validator-monitoring
              </a>
            </td>
          </tr>
        </tbody>
      </table>
    </div>
  </div>
</div>
`;
