// Jest Snapshot v1, https://goo.gl/fbAQLP

exports[`renders without crashing and matches snapshot 1`] = `
<div
  className="App"
>
  <div
    className="App-content"
  >
    <nav
      className="navbar navbar-expand-lg navbar-dark static-top"
    >
      <div
        className="container-fluid"
      >
        <a
          className="navbar-brand"
          href="/"
        >
          <img
            alt="Pretoria Monochrome Logo"
            className="header-logo"
            src="Pretoria_Logo_color_02.png"
          />
        </a>
        <button
          aria-controls="navbarResponsive"
          aria-expanded="false"
          aria-label="Toggle navigation"
          className="navbar-toggler"
          data-target="#navbarResponsive"
          data-toggle="collapse"
          type="button"
        >
          <span
            className="navbar-toggler-icon"
          />
        </button>
        <div
          className="collapse navbar-collapse"
          id="navbarResponsive"
        >
          <ul
            className="navbar-nav ml-auto"
          >
            <li
              className="nav-item"
            >
              <a
                aria-current="page"
                className="nav-link active"
                href="/"
                onClick={[Function]}
                style={Object {}}
              >
                Tools
              </a>
            </li>
            <li
              className="nav-item"
            >
              <a
                aria-current={null}
                className="nav-link"
                href="/block-map"
                onClick={[Function]}
              >
                Block Map
              </a>
            </li>
            <li
              className="nav-item"
            >
              <a
                aria-current={null}
                className="nav-link"
                href="/alfajores-faucet"
                onClick={[Function]}
              >
                Alfajores Faucet
              </a>
            </li>
            <li
              className="nav-item"
            >
              <a
                aria-current={null}
                className="nav-link"
                href="/baklava-faucet"
                onClick={[Function]}
              >
                Baklava Faucet
              </a>
            </li>
          </ul>
        </div>
      </div>
    </nav>
  </div>
  <footer
    className="footer jost"
  >
    <div
      className="container-fluid text-sm-left"
    >
      <div
        className="row"
      >
        <div
          className="col-sm-3"
        >
          <a
            className="navbar-brand"
            href="/"
          >
            <img
              alt="Pretoria Monochrome Logo"
              className="header-logo"
              src="Pretoria_Logo_color_02.png"
            />
          </a>
        </div>
        <div
          className="col-sm-3"
        >
          <p>
            Built by 
            <a
              href="https://pretoriaresearchlab.io"
            >
              Pretoria Research Lab GmbH
            </a>
          </p>
          <p>
            We are a DeFi and staking protocol start-up founded in February 2020 in Berlin, Germany by 
            <a
              href="https://www.nextbigthing.ag/"
            >
              Next Big Thing
            </a>
            , choosing to support the 
            <a
              href="https://celo.org"
            >
              Celo Protocol
            </a>
             with tooling and validating.
          </p>
        </div>
        <div
          className="col-sm-3"
        >
          <p>
            If you find this page useful, please consider supporting Pretoria by voting for our Celo validator group:
          </p>
          <p>
            <a
              href="https://explorer.celo.org/address/0xddaa60b6d803674bbc434f1c2b261ceb67c2fd7c/celo"
            >
              0xddaa60b6d803674bbc434f1c2b261ceb67c2fd7c
            </a>
          </p>
        </div>
        <div
          className="col-sm-3"
        >
          <p>
            Built with 
            <a
              href="https://reactjs.org/"
            >
              React JS
            </a>
            , 
            <a
              href="https://serverless.com/"
            >
              Serverless Framework
            </a>
            , and 
            <a
              href="https://docs.gitlab.com/ee/ci/"
            >
              GitLab CI
            </a>
            . Icons used with limited permission as per the 
            <a
              href="https://celo.org/code-of-conduct"
            >
              Celo Code of Conduct
            </a>
            . Best viewed on desktop.
          </p>
          <p>
            Help us improve this page. Contribute at 
            <a
              href="https://gitlab.com/pretoria-research-lab/celo-cauldron"
            >
              https://gitlab.com/pretoria-research-lab/celo-cauldron
            </a>
          </p>
        </div>
      </div>
    </div>
  </footer>
</div>
`;
