// Jest Snapshot v1, https://goo.gl/fbAQLP

exports[`NotFound component matches snapshot 1`] = `
<div
  className="container-fluid"
>
  <div
    className="row"
  >
    <div
      className="col-lg-12 text-center"
    >
      <h1
        className="mt-5"
      >
        Something went wrong :(
      </h1>
      <p
        className="lead"
      >
        This resource does not exist
      </p>
    </div>
  </div>
</div>
`;
