// Jest Snapshot v1, https://goo.gl/fbAQLP

exports[`Footer component matches snapshot 1`] = `
<footer
  className="page-footer font-small pt-4"
>
  <div
    className="container-fluid text-center text-sm-left"
  >
    <div
      className="row"
    >
      <div
        className="col-sm-6"
      >
        <p>
          Built by 
          <a
            href="https:/pretoria.tech"
          >
            Pretoria GmbH
          </a>
          , a Next Big Thing AG venture
        </p>
      </div>
    </div>
  </div>
</footer>
`;
